{
  "ImageID": "sha256:5c534be56eca62e756ef2ef51523feda0f19cd7c15bb0c015e3d6e3ae090bf6e",
  "RepoTags": [
    "test:latest"
  ],
  "RepoDigests": [
    "test@sha256:0bd0e9e03a022c3b0226667621da84fc9bf562a9056130424b5bfbd8bcb0397f"
  ],
  "Results": [
    {
      "Target": "foojson",
      "Vulnerabilities": [
        {
          "VulnerabilityID": "CVE-2020-0001",
          "PkgName": "foo",
          "InstalledVersion": "1.2.3",
          "FixedVersion": "3.4.5",
          "Layer": {},
          "PrimaryURL": "https://avd.aquasec.com/nvd/cve-2020-0001",
          "Title": "foobar",
          "Description": "baz",
          "Severity": "HIGH"
        }
      ]
    }
  ]
}