[
  {
    "Target": "foojson",
    "Vulnerabilities": [
      {
        "VulnerabilityID": "CVE-2020-0001",
        "PkgName": "foo",
        "InstalledVersion": "1.2.3",
        "FixedVersion": "3.4.5",
        "Layer": {},
        "PrimaryURL": "https://avd.aquasec.com/nvd/cve-2020-0001",
        "Title": "foobar",
        "Description": "baz",
        "Severity": "HIGH"
      }
    ]
  }
]