{
  "bomFormat": "CycloneDX",
  "specVersion": "1.4",
  "version": 1,
  "metadata": {
    "timestamp": "2022-08-14T12:39:11+00:00",
    "tools": [
      {
        "vendor": "aquasecurity",
        "name": "trivy",
        "version": "dev"
      }
    ],
    "component": {
      "bom-ref": "urn:uuid:1455c02d-64ca-453e-a5df-ddfb70a7c804/1",
      "type": "container",
      "name": "integration/testdata/fixtures/images/centos-7.tar.gz"
    }
  },
  "vulnerabilities": [
    {
      "id": "CVE-2019-18276",
      "ratings": [
        {
          "source": {
            "name": "cbl-mariner"
          },
          "severity": "high"
        },
        {
          "source": {
            "name": "nvd"
          },
          "score": 7.2,
          "severity": "high",
          "method": "CVSSv2",
          "vector": "AV:L/AC:L/Au:N/C:C/I:C/A:C"
        },
        {
          "source": {
            "name": "nvd"
          },
          "score": 7.8,
          "severity": "high",
          "method": "CVSSv31",
          "vector": "CVSS:3.1/AV:L/AC:L/PR:L/UI:N/S:U/C:H/I:H/A:H"
        },
        {
          "source": {
            "name": "oracle-oval"
          },
          "severity": "low"
        },
        {
          "source": {
            "name": "photon"
          },
          "severity": "high"
        },
        {
          "source": {
            "name": "redhat"
          },
          "score": 7.8,
          "severity": "low",
          "method": "CVSSv31",
          "vector": "CVSS:3.1/AV:L/AC:L/PR:L/UI:N/S:U/C:H/I:H/A:H"
        },
        {
          "source": {
            "name": "ubuntu"
          },
          "severity": "low"
        }
      ],
      "cwes": [
        273
      ],
      "description": "An issue was discovered in disable_priv_mode in shell.c in GNU Bash through 5.0 patch 11. By default, if Bash is run with its effective UID not equal to its real UID, it will drop privileges by setting its effective UID to its real UID. However, it does so incorrectly. On Linux and other systems that support \"saved UID\" functionality, the saved UID is not dropped. An attacker with command execution in the shell can use \"enable -f\" for runtime loading of a new builtin, which can be a shared object that calls setuid() and therefore regains privileges. However, binaries running with an effective UID of 0 are unaffected.",
      "advisories": [
        {
          "url": "http://packetstormsecurity.com/files/155498/Bash-5.0-Patch-11-Privilege-Escalation.html"
        },
        {
          "url": "https://access.redhat.com/security/cve/CVE-2019-18276"
        },
        {
          "url": "https://cve.mitre.org/cgi-bin/cvename.cgi?name=CVE-2019-18276"
        },
        {
          "url": "https://github.com/bminor/bash/commit/951bdaad7a18cc0dc1036bba86b18b90874d39ff"
        },
        {
          "url": "https://linux.oracle.com/cve/CVE-2019-18276.html"
        },
        {
          "url": "https://linux.oracle.com/errata/ELSA-2021-1679.html"
        },
        {
          "url": "https://lists.apache.org/thread.html/rf9fa47ab66495c78bb4120b0754dd9531ca2ff0430f6685ac9b07772@%3Cdev.mina.apache.org%3E"
        },
        {
          "url": "https://nvd.nist.gov/vuln/detail/CVE-2019-18276"
        },
        {
          "url": "https://security.gentoo.org/glsa/202105-34"
        },
        {
          "url": "https://security.netapp.com/advisory/ntap-20200430-0003/"
        },
        {
          "url": "https://www.youtube.com/watch?v=-wGtxJ8opa8"
        }
      ],
      "published": "2019-11-28T01:15:00+00:00",
      "updated": "2021-05-26T12:15:00+00:00",
      "affects": [
        {
          "ref": "urn:cdx:1455c02d-64ca-453e-a5df-ddfb70a7c804/1#pkg:rpm/centos/bash@4.2.46-31.el7?arch=x86_64\u0026distro=centos-7.6.1810",
          "versions": [
            {
              "version": "4.2.46-31.el7",
              "status": "affected"
            }
          ]
        }
      ]
    },
    {
      "id": "CVE-2019-1559",
      "ratings": [
        {
          "source": {
            "name": "amazon"
          },
          "severity": "medium"
        },
        {
          "source": {
            "name": "arch-linux"
          },
          "severity": "medium"
        },
        {
          "source": {
            "name": "nvd"
          },
          "score": 4.3,
          "severity": "medium",
          "method": "CVSSv2",
          "vector": "AV:N/AC:M/Au:N/C:P/I:N/A:N"
        },
        {
          "source": {
            "name": "nvd"
          },
          "score": 5.9,
          "severity": "medium",
          "method": "CVSSv3",
          "vector": "CVSS:3.0/AV:N/AC:H/PR:N/UI:N/S:U/C:H/I:N/A:N"
        },
        {
          "source": {
            "name": "oracle-oval"
          },
          "severity": "medium"
        },
        {
          "source": {
            "name": "redhat"
          },
          "score": 5.9,
          "severity": "medium",
          "method": "CVSSv31",
          "vector": "CVSS:3.1/AV:N/AC:H/PR:N/UI:N/S:U/C:H/I:N/A:N"
        },
        {
          "source": {
            "name": "ubuntu"
          },
          "severity": "medium"
        }
      ],
      "cwes": [
        203
      ],
      "description": "If an application encounters a fatal protocol error and then calls SSL_shutdown() twice (once to send a close_notify, and once to receive one) then OpenSSL can respond differently to the calling application if a 0 byte record is received with invalid padding compared to if a 0 byte record is received with an invalid MAC. If the application then behaves differently based on that in a way that is detectable to the remote peer, then this amounts to a padding oracle that could be used to decrypt data. In order for this to be exploitable \"non-stitched\" ciphersuites must be in use. Stitched ciphersuites are optimised implementations of certain commonly used ciphersuites. Also the application must call SSL_shutdown() twice even if a protocol error has occurred (applications should not do this but some do anyway). Fixed in OpenSSL 1.0.2r (Affected 1.0.2-1.0.2q).",
      "advisories": [
        {
          "url": "http://lists.opensuse.org/opensuse-security-announce/2019-03/msg00041.html"
        },
        {
          "url": "http://lists.opensuse.org/opensuse-security-announce/2019-04/msg00019.html"
        },
        {
          "url": "http://lists.opensuse.org/opensuse-security-announce/2019-04/msg00046.html"
        },
        {
          "url": "http://lists.opensuse.org/opensuse-security-announce/2019-04/msg00047.html"
        },
        {
          "url": "http://lists.opensuse.org/opensuse-security-announce/2019-05/msg00049.html"
        },
        {
          "url": "http://lists.opensuse.org/opensuse-security-announce/2019-06/msg00080.html"
        },
        {
          "url": "http://www.securityfocus.com/bid/107174"
        },
        {
          "url": "https://access.redhat.com/errata/RHSA-2019:2304"
        },
        {
          "url": "https://access.redhat.com/errata/RHSA-2019:2437"
        },
        {
          "url": "https://access.redhat.com/errata/RHSA-2019:2439"
        },
        {
          "url": "https://access.redhat.com/errata/RHSA-2019:2471"
        },
        {
          "url": "https://access.redhat.com/errata/RHSA-2019:3929"
        },
        {
          "url": "https://access.redhat.com/errata/RHSA-2019:3931"
        },
        {
          "url": "https://access.redhat.com/security/cve/CVE-2019-1559"
        },
        {
          "url": "https://cve.mitre.org/cgi-bin/cvename.cgi?name=CVE-2019-1559"
        },
        {
          "url": "https://git.openssl.org/gitweb/?p=openssl.git;a=commitdiff;h=e9bbefbf0f24c57645e7ad6a5a71ae649d18ac8e"
        },
        {
          "url": "https://github.com/RUB-NDS/TLS-Padding-Oracles"
        },
        {
          "url": "https://kc.mcafee.com/corporate/index?page=content\u0026id=SB10282"
        },
        {
          "url": "https://linux.oracle.com/cve/CVE-2019-1559.html"
        },
        {
          "url": "https://linux.oracle.com/errata/ELSA-2019-2471.html"
        },
        {
          "url": "https://lists.debian.org/debian-lts-announce/2019/03/msg00003.html"
        },
        {
          "url": "https://lists.fedoraproject.org/archives/list/package-announce@lists.fedoraproject.org/message/EWC42UXL5GHTU5G77VKBF6JYUUNGSHOM/"
        },
        {
          "url": "https://lists.fedoraproject.org/archives/list/package-announce@lists.fedoraproject.org/message/Y3IVFGSERAZLNJCK35TEM2R4726XIH3Z/"
        },
        {
          "url": "https://lists.fedoraproject.org/archives/list/package-announce@lists.fedoraproject.org/message/ZBEV5QGDRFUZDMNECFXUSN5FMYOZDE4V/"
        },
        {
          "url": "https://security.gentoo.org/glsa/201903-10"
        },
        {
          "url": "https://security.netapp.com/advisory/ntap-20190301-0001/"
        },
        {
          "url": "https://security.netapp.com/advisory/ntap-20190301-0002/"
        },
        {
          "url": "https://security.netapp.com/advisory/ntap-20190423-0002/"
        },
        {
          "url": "https://support.f5.com/csp/article/K18549143"
        },
        {
          "url": "https://support.f5.com/csp/article/K18549143?utm_source=f5support\u0026amp;utm_medium=RSS"
        },
        {
          "url": "https://ubuntu.com/security/notices/USN-3899-1"
        },
        {
          "url": "https://ubuntu.com/security/notices/USN-4376-2"
        },
        {
          "url": "https://usn.ubuntu.com/3899-1/"
        },
        {
          "url": "https://usn.ubuntu.com/4376-2/"
        },
        {
          "url": "https://www.debian.org/security/2019/dsa-4400"
        },
        {
          "url": "https://www.openssl.org/news/secadv/20190226.txt"
        },
        {
          "url": "https://www.oracle.com/security-alerts/cpujan2020.html"
        },
        {
          "url": "https://www.oracle.com/security-alerts/cpujan2021.html"
        },
        {
          "url": "https://www.oracle.com/technetwork/security-advisory/cpuapr2019-5072813.html"
        },
        {
          "url": "https://www.oracle.com/technetwork/security-advisory/cpujul2019-5072835.html"
        },
        {
          "url": "https://www.oracle.com/technetwork/security-advisory/cpuoct2019-5072832.html"
        },
        {
          "url": "https://www.tenable.com/security/tns-2019-02"
        },
        {
          "url": "https://www.tenable.com/security/tns-2019-03"
        }
      ],
      "published": "2019-02-27T23:29:00+00:00",
      "updated": "2021-01-20T15:15:00+00:00",
      "affects": [
        {
          "ref": "urn:cdx:1455c02d-64ca-453e-a5df-ddfb70a7c804/1#pkg:rpm/centos/openssl-libs@1:1.0.2k-16.el7?arch=x86_64\u0026distro=centos-7.6.1810",
          "versions": [
            {
              "version": "1:1.0.2k-16.el7",
              "status": "affected"
            }
          ]
        }
      ]
    },
    {
      "id": "CVE-2018-0734",
      "ratings": [
        {
          "source": {
            "name": "amazon"
          },
          "severity": "medium"
        },
        {
          "source": {
            "name": "arch-linux"
          },
          "severity": "low"
        },
        {
          "source": {
            "name": "cbl-mariner"
          },
          "severity": "medium"
        },
        {
          "source": {
            "name": "nvd"
          },
          "score": 4.3,
          "severity": "medium",
          "method": "CVSSv2",
          "vector": "AV:N/AC:M/Au:N/C:P/I:N/A:N"
        },
        {
          "source": {
            "name": "nvd"
          },
          "score": 5.9,
          "severity": "medium",
          "method": "CVSSv3",
          "vector": "CVSS:3.0/AV:N/AC:H/PR:N/UI:N/S:U/C:H/I:N/A:N"
        },
        {
          "source": {
            "name": "oracle-oval"
          },
          "severity": "low"
        },
        {
          "source": {
            "name": "photon"
          },
          "severity": "medium"
        },
        {
          "source": {
            "name": "redhat"
          },
          "score": 5.1,
          "severity": "low",
          "method": "CVSSv3",
          "vector": "CVSS:3.0/AV:L/AC:H/PR:N/UI:N/S:U/C:H/I:N/A:N"
        },
        {
          "source": {
            "name": "ubuntu"
          },
          "severity": "low"
        }
      ],
      "cwes": [
        327
      ],
      "description": "The OpenSSL DSA signature algorithm has been shown to be vulnerable to a timing side channel attack. An attacker could use variations in the signing algorithm to recover the private key. Fixed in OpenSSL 1.1.1a (Affected 1.1.1). Fixed in OpenSSL 1.1.0j (Affected 1.1.0-1.1.0i). Fixed in OpenSSL 1.0.2q (Affected 1.0.2-1.0.2p).",
      "advisories": [
        {
          "url": "http://lists.opensuse.org/opensuse-security-announce/2019-06/msg00030.html"
        },
        {
          "url": "http://lists.opensuse.org/opensuse-security-announce/2019-07/msg00056.html"
        },
        {
          "url": "http://www.securityfocus.com/bid/105758"
        },
        {
          "url": "https://access.redhat.com/errata/RHSA-2019:2304"
        },
        {
          "url": "https://access.redhat.com/errata/RHSA-2019:3700"
        },
        {
          "url": "https://access.redhat.com/errata/RHSA-2019:3932"
        },
        {
          "url": "https://access.redhat.com/errata/RHSA-2019:3933"
        },
        {
          "url": "https://access.redhat.com/errata/RHSA-2019:3935"
        },
        {
          "url": "https://access.redhat.com/security/cve/CVE-2018-0734"
        },
        {
          "url": "https://cve.mitre.org/cgi-bin/cvename.cgi?name=CVE-2018-0734"
        },
        {
          "url": "https://git.openssl.org/gitweb/?p=openssl.git;a=commitdiff;h=43e6a58d4991a451daf4891ff05a48735df871ac"
        },
        {
          "url": "https://git.openssl.org/gitweb/?p=openssl.git;a=commitdiff;h=8abfe72e8c1de1b95f50aa0d9134803b4d00070f"
        },
        {
          "url": "https://git.openssl.org/gitweb/?p=openssl.git;a=commitdiff;h=ef11e19d1365eea2b1851e6f540a0bf365d303e7"
        },
        {
          "url": "https://linux.oracle.com/cve/CVE-2018-0734.html"
        },
        {
          "url": "https://linux.oracle.com/errata/ELSA-2019-3700.html"
        },
        {
          "url": "https://lists.fedoraproject.org/archives/list/package-announce@lists.fedoraproject.org/message/EWC42UXL5GHTU5G77VKBF6JYUUNGSHOM/"
        },
        {
          "url": "https://lists.fedoraproject.org/archives/list/package-announce@lists.fedoraproject.org/message/Y3IVFGSERAZLNJCK35TEM2R4726XIH3Z/"
        },
        {
          "url": "https://lists.fedoraproject.org/archives/list/package-announce@lists.fedoraproject.org/message/ZBEV5QGDRFUZDMNECFXUSN5FMYOZDE4V/"
        },
        {
          "url": "https://nodejs.org/en/blog/vulnerability/november-2018-security-releases/"
        },
        {
          "url": "https://nvd.nist.gov/vuln/detail/CVE-2018-0734"
        },
        {
          "url": "https://security.netapp.com/advisory/ntap-20181105-0002/"
        },
        {
          "url": "https://security.netapp.com/advisory/ntap-20190118-0002/"
        },
        {
          "url": "https://security.netapp.com/advisory/ntap-20190423-0002/"
        },
        {
          "url": "https://ubuntu.com/security/notices/USN-3840-1"
        },
        {
          "url": "https://usn.ubuntu.com/3840-1/"
        },
        {
          "url": "https://www.debian.org/security/2018/dsa-4348"
        },
        {
          "url": "https://www.debian.org/security/2018/dsa-4355"
        },
        {
          "url": "https://www.openssl.org/news/secadv/20181030.txt"
        },
        {
          "url": "https://www.oracle.com/security-alerts/cpuapr2020.html"
        },
        {
          "url": "https://www.oracle.com/security-alerts/cpujan2020.html"
        },
        {
          "url": "https://www.oracle.com/technetwork/security-advisory/cpuapr2019-5072813.html"
        },
        {
          "url": "https://www.oracle.com/technetwork/security-advisory/cpujan2019-5072801.html"
        },
        {
          "url": "https://www.oracle.com/technetwork/security-advisory/cpujul2019-5072835.html"
        },
        {
          "url": "https://www.tenable.com/security/tns-2018-16"
        },
        {
          "url": "https://www.tenable.com/security/tns-2018-17"
        }
      ],
      "published": "2018-10-30T12:29:00+00:00",
      "updated": "2020-08-24T17:37:00+00:00",
      "affects": [
        {
          "ref": "urn:cdx:1455c02d-64ca-453e-a5df-ddfb70a7c804/1#pkg:rpm/centos/openssl-libs@1:1.0.2k-16.el7?arch=x86_64\u0026distro=centos-7.6.1810",
          "versions": [
            {
              "version": "1:1.0.2k-16.el7",
              "status": "affected"
            }
          ]
        }
      ]
    }
  ]
}
