{
  "SchemaVersion": 2,
  "ArtifactName": "testdata/fixtures/fs/helm_testchart",
  "ArtifactType": "filesystem",
  "Metadata": {
    "ImageConfig": {
      "architecture": "",
      "created": "0001-01-01T00:00:00Z",
      "os": "",
      "rootfs": {
        "type": "",
        "diff_ids": null
      },
      "config": {}
    }
  },
  "Results": [
    {
      "Target": "templates/deployment.yaml",
      "Class": "config",
      "Type": "helm",
      "MisconfSummary": {
        "Successes": 75,
        "Failures": 4,
        "Exceptions": 0
      },
      "Misconfigurations": [
        {
          "Type": "Helm Security Check",
          "ID": "KSV001",
          "AVDID": "AVD-KSV-0001",
          "Title": "Process can elevate its own privileges",
          "Description": "A program inside the container can elevate its own privileges and run as root, which might give the program control over the container and node.",
          "Message": "Container 'testchart' of Deployment 'testchart' should set 'securityContext.allowPrivilegeEscalation' to false",
          "Namespace": "builtin.kubernetes.KSV001",
          "Query": "data.builtin.kubernetes.KSV001.deny",
          "Resolution": "Set 'set containers[].securityContext.allowPrivilegeEscalation' to 'false'.",
          "Severity": "MEDIUM",
          "PrimaryURL": "https://avd.aquasec.com/misconfig/ksv001",
          "References": [
            "https://kubernetes.io/docs/concepts/security/pod-security-standards/#restricted",
            "https://avd.aquasec.com/misconfig/ksv001"
          ],
          "Status": "FAIL",
          "Layer": {},
          "CauseMetadata": {
            "Provider": "Kubernetes",
            "Service": "general",
            "StartLine": 28,
            "EndLine": 57,
            "Code": {
              "Lines": [
                {
                  "Number": 28,
                  "Content": "        - name: testchart",
                  "IsCause": true,
                  "Annotation": "",
                  "Truncated": false,
                  "FirstCause": true,
                  "LastCause": false
                },
                {
                  "Number": 29,
                  "Content": "          securityContext:",
                  "IsCause": true,
                  "Annotation": "",
                  "Truncated": false,
                  "FirstCause": false,
                  "LastCause": false
                },
                {
                  "Number": 30,
                  "Content": "            capabilities:",
                  "IsCause": true,
                  "Annotation": "",
                  "Truncated": false,
                  "FirstCause": false,
                  "LastCause": false
                },
                {
                  "Number": 31,
                  "Content": "              drop:",
                  "IsCause": true,
                  "Annotation": "",
                  "Truncated": false,
                  "FirstCause": false,
                  "LastCause": false
                },
                {
                  "Number": 32,
                  "Content": "              - ALL",
                  "IsCause": true,
                  "Annotation": "",
                  "Truncated": false,
                  "FirstCause": false,
                  "LastCause": false
                },
                {
                  "Number": 33,
                  "Content": "            readOnlyRootFilesystem: true",
                  "IsCause": true,
                  "Annotation": "",
                  "Truncated": false,
                  "FirstCause": false,
                  "LastCause": false
                },
                {
                  "Number": 34,
                  "Content": "            runAsGroup: 10001",
                  "IsCause": true,
                  "Annotation": "",
                  "Truncated": false,
                  "FirstCause": false,
                  "LastCause": false
                },
                {
                  "Number": 35,
                  "Content": "            runAsNonRoot: true",
                  "IsCause": true,
                  "Annotation": "",
                  "Truncated": false,
                  "FirstCause": false,
                  "LastCause": false
                },
                {
                  "Number": 36,
                  "Content": "            runAsUser: 0",
                  "IsCause": true,
                  "Annotation": "",
                  "Truncated": false,
                  "FirstCause": false,
                  "LastCause": true
                },
                {
                  "Number": 37,
                  "Content": "",
                  "IsCause": false,
                  "Annotation": "",
                  "Truncated": true,
                  "FirstCause": false,
                  "LastCause": false
                }
              ]
            }
          }
        },
        {
          "Type": "Helm Security Check",
          "ID": "KSV020",
          "AVDID": "AVD-KSV-0020",
          "Title": "Runs with low user ID",
          "Description": "Force the container to run with user ID \u003e 10000 to avoid conflicts with the hostâ€™s user table.",
          "Message": "Container 'testchart' of Deployment 'testchart' should set 'securityContext.runAsUser' \u003e 10000",
          "Namespace": "builtin.kubernetes.KSV020",
          "Query": "data.builtin.kubernetes.KSV020.deny",
          "Resolution": "Set 'containers[].securityContext.runAsUser' to an integer \u003e 10000.",
          "Severity": "LOW",
          "PrimaryURL": "https://avd.aquasec.com/misconfig/ksv020",
          "References": [
            "https://kubesec.io/basics/containers-securitycontext-runasuser/",
            "https://avd.aquasec.com/misconfig/ksv020"
          ],
          "Status": "FAIL",
          "Layer": {},
          "CauseMetadata": {
            "Provider": "Kubernetes",
            "Service": "general",
            "StartLine": 28,
            "EndLine": 57,
            "Code": {
              "Lines": [
                {
                  "Number": 28,
                  "Content": "        - name: testchart",
                  "IsCause": true,
                  "Annotation": "",
                  "Truncated": false,
                  "FirstCause": true,
                  "LastCause": false
                },
                {
                  "Number": 29,
                  "Content": "          securityContext:",
                  "IsCause": true,
                  "Annotation": "",
                  "Truncated": false,
                  "FirstCause": false,
                  "LastCause": false
                },
                {
                  "Number": 30,
                  "Content": "            capabilities:",
                  "IsCause": true,
                  "Annotation": "",
                  "Truncated": false,
                  "FirstCause": false,
                  "LastCause": false
                },
                {
                  "Number": 31,
                  "Content": "              drop:",
                  "IsCause": true,
                  "Annotation": "",
                  "Truncated": false,
                  "FirstCause": false,
                  "LastCause": false
                },
                {
                  "Number": 32,
                  "Content": "              - ALL",
                  "IsCause": true,
                  "Annotation": "",
                  "Truncated": false,
                  "FirstCause": false,
                  "LastCause": false
                },
                {
                  "Number": 33,
                  "Content": "            readOnlyRootFilesystem: true",
                  "IsCause": true,
                  "Annotation": "",
                  "Truncated": false,
                  "FirstCause": false,
                  "LastCause": false
                },
                {
                  "Number": 34,
                  "Content": "            runAsGroup: 10001",
                  "IsCause": true,
                  "Annotation": "",
                  "Truncated": false,
                  "FirstCause": false,
                  "LastCause": false
                },
                {
                  "Number": 35,
                  "Content": "            runAsNonRoot: true",
                  "IsCause": true,
                  "Annotation": "",
                  "Truncated": false,
                  "FirstCause": false,
                  "LastCause": false
                },
                {
                  "Number": 36,
                  "Content": "            runAsUser: 0",
                  "IsCause": true,
                  "Annotation": "",
                  "Truncated": false,
                  "FirstCause": false,
                  "LastCause": true
                },
                {
                  "Number": 37,
                  "Content": "",
                  "IsCause": false,
                  "Annotation": "",
                  "Truncated": true,
                  "FirstCause": false,
                  "LastCause": false
                }
              ]
            }
          }
        },
        {
          "Type": "Helm Security Check",
          "ID": "KSV030",
          "AVDID": "AVD-KSV-0030",
          "Title": "Default Seccomp profile not set",
          "Description": "The RuntimeDefault/Localhost seccomp profile must be required, or allow specific additional profiles.",
          "Message": "Either Pod or Container should set 'securityContext.seccompProfile.type' to 'RuntimeDefault'",
          "Namespace": "builtin.kubernetes.KSV030",
          "Query": "data.builtin.kubernetes.KSV030.deny",
          "Resolution": "Set 'spec.securityContext.seccompProfile.type', 'spec.containers[*].securityContext.seccompProfile' and 'spec.initContainers[*].securityContext.seccompProfile' to 'RuntimeDefault' or undefined.",
          "Severity": "LOW",
          "PrimaryURL": "https://avd.aquasec.com/misconfig/ksv030",
          "References": [
            "https://kubernetes.io/docs/concepts/security/pod-security-standards/#restricted",
            "https://avd.aquasec.com/misconfig/ksv030"
          ],
          "Status": "FAIL",
          "Layer": {},
          "CauseMetadata": {
            "Provider": "Kubernetes",
            "Service": "general",
            "StartLine": 28,
            "EndLine": 57,
            "Code": {
              "Lines": [
                {
                  "Number": 28,
                  "Content": "        - name: testchart",
                  "IsCause": true,
                  "Annotation": "",
                  "Truncated": false,
                  "FirstCause": true,
                  "LastCause": false
                },
                {
                  "Number": 29,
                  "Content": "          securityContext:",
                  "IsCause": true,
                  "Annotation": "",
                  "Truncated": false,
                  "FirstCause": false,
                  "LastCause": false
                },
                {
                  "Number": 30,
                  "Content": "            capabilities:",
                  "IsCause": true,
                  "Annotation": "",
                  "Truncated": false,
                  "FirstCause": false,
                  "LastCause": false
                },
                {
                  "Number": 31,
                  "Content": "              drop:",
                  "IsCause": true,
                  "Annotation": "",
                  "Truncated": false,
                  "FirstCause": false,
                  "LastCause": false
                },
                {
                  "Number": 32,
                  "Content": "              - ALL",
                  "IsCause": true,
                  "Annotation": "",
                  "Truncated": false,
                  "FirstCause": false,
                  "LastCause": false
                },
                {
                  "Number": 33,
                  "Content": "            readOnlyRootFilesystem: true",
                  "IsCause": true,
                  "Annotation": "",
                  "Truncated": false,
                  "FirstCause": false,
                  "LastCause": false
                },
                {
                  "Number": 34,
                  "Content": "            runAsGroup: 10001",
                  "IsCause": true,
                  "Annotation": "",
                  "Truncated": false,
                  "FirstCause": false,
                  "LastCause": false
                },
                {
                  "Number": 35,
                  "Content": "            runAsNonRoot: true",
                  "IsCause": true,
                  "Annotation": "",
                  "Truncated": false,
                  "FirstCause": false,
                  "LastCause": false
                },
                {
                  "Number": 36,
                  "Content": "            runAsUser: 0",
                  "IsCause": true,
                  "Annotation": "",
                  "Truncated": false,
                  "FirstCause": false,
                  "LastCause": true
                },
                {
                  "Number": 37,
                  "Content": "",
                  "IsCause": false,
                  "Annotation": "",
                  "Truncated": true,
                  "FirstCause": false,
                  "LastCause": false
                }
              ]
            }
          }
        },
        {
          "Type": "Helm Security Check",
          "ID": "KSV105",
          "AVDID": "AVD-KSV-0105",
          "Title": "Containers must not set runAsUser to 0",
          "Description": "Containers should be forbidden from running with a root UID.",
          "Message": "securityContext.runAsUser should be set to a value greater than 0",
          "Namespace": "builtin.kubernetes.KSV105",
          "Query": "data.builtin.kubernetes.KSV105.deny",
          "Resolution": "Set 'securityContext.runAsUser' to a non-zero integer or leave undefined.",
          "Severity": "LOW",
          "PrimaryURL": "https://avd.aquasec.com/misconfig/ksv105",
          "References": [
            "https://kubernetes.io/docs/concepts/security/pod-security-standards/#restricted",
            "https://avd.aquasec.com/misconfig/ksv105"
          ],
          "Status": "FAIL",
          "Layer": {},
          "CauseMetadata": {
            "Provider": "Kubernetes",
            "Service": "general",
            "StartLine": 30,
            "EndLine": 36,
            "Code": {
              "Lines": [
                {
                  "Number": 30,
                  "Content": "            capabilities:",
                  "IsCause": true,
                  "Annotation": "",
                  "Truncated": false,
                  "FirstCause": true,
                  "LastCause": false
                },
                {
                  "Number": 31,
                  "Content": "              drop:",
                  "IsCause": true,
                  "Annotation": "",
                  "Truncated": false,
                  "FirstCause": false,
                  "LastCause": false
                },
                {
                  "Number": 32,
                  "Content": "              - ALL",
                  "IsCause": true,
                  "Annotation": "",
                  "Truncated": false,
                  "FirstCause": false,
                  "LastCause": false
                },
                {
                  "Number": 33,
                  "Content": "            readOnlyRootFilesystem: true",
                  "IsCause": true,
                  "Annotation": "",
                  "Truncated": false,
                  "FirstCause": false,
                  "LastCause": false
                },
                {
                  "Number": 34,
                  "Content": "            runAsGroup: 10001",
                  "IsCause": true,
                  "Annotation": "",
                  "Truncated": false,
                  "FirstCause": false,
                  "LastCause": false
                },
                {
                  "Number": 35,
                  "Content": "            runAsNonRoot: true",
                  "IsCause": true,
                  "Annotation": "",
                  "Truncated": false,
                  "FirstCause": false,
                  "LastCause": false
                },
                {
                  "Number": 36,
                  "Content": "            runAsUser: 0",
                  "IsCause": true,
                  "Annotation": "",
                  "Truncated": false,
                  "FirstCause": false,
                  "LastCause": true
                }
              ]
            }
          }
        }
      ]
    },
    {
      "Target": "templates/service.yaml",
      "Class": "config",
      "Type": "helm",
      "MisconfSummary": {
        "Successes": 79,
        "Failures": 0,
        "Exceptions": 0
      }
    },
    {
      "Target": "templates/serviceaccount.yaml",
      "Class": "config",
      "Type": "helm",
      "MisconfSummary": {
        "Successes": 79,
        "Failures": 0,
        "Exceptions": 0
      }
    }
  ]
}
